// Jest Snapshot v1, https://goo.gl/fbAQLP

exports[`should test Header component 1`] = `
<WithStyles(ForwardRef(Container))>
  <WithStyles(ForwardRef(Grid))>
    <div
      className="makeStyles-loader-1"
    >
      <img
        height="100"
        src={null}
      />
    </div>
  </WithStyles(ForwardRef(Grid))>
</WithStyles(ForwardRef(Container))>
`;
