// Jest Snapshot v1, https://goo.gl/fbAQLP

exports[`should test Header component 1`] = `
<div>
  <WithStyles(ForwardRef(Dialog))
    aria-describedby="scroll-dialog-description"
    aria-labelledby="scroll-dialog-title"
    fullWidth={true}
    maxWidth="lg"
    onClose={[Function]}
    open={false}
    scroll="paper"
  >
    <WithStyles(ForwardRef(DialogTitle))
      id="scroll-dialog-title"
    >
      File Analysis
      <WithStyles(ForwardRef(IconButton))
        aria-label="close"
        className="makeStyles-closeButton-4"
        onClick={[Function]}
      >
        <Memo(ForwardRef(CloseIcon)) />
      </WithStyles(ForwardRef(IconButton))>
    </WithStyles(ForwardRef(DialogTitle))>
    <WithStyles(ForwardRef(DialogContent))
      dividers={true}
    >
      <WithStyles(ForwardRef(DialogContentText))
        id="scroll-dialog-description"
        tabIndex={-1}
      >
        <FileAnalysis
          analysis="low platform security threat"
        />
      </WithStyles(ForwardRef(DialogContentText))>
    </WithStyles(ForwardRef(DialogContent))>
    <WithStyles(ForwardRef(DialogActions))>
      <WithStyles(ForwardRef(Button))
        color="primary"
        onClick={[Function]}
      >
        Close
      </WithStyles(ForwardRef(Button))>
    </WithStyles(ForwardRef(DialogActions))>
  </WithStyles(ForwardRef(Dialog))>
</div>
`;
